<html>
<link rel="stylesheet" type="text/css" href="index.css">
<body>


<pre>
Booting Linux on physical CPU 0x0
Linux version 3.10.17-1.0.0_ga (cr040843@r02859) (gcc version 4.8.1 (GCC) ) #1 SMP PREEMPT Sat Jun 23 17:57:49 CST 2018
CPU: ARMv7 Processor [412fc09a] revision 10 (ARMv7), cr=50c53c7d
CPU: PIPT / VIPT nonaliasing data cache, VIPT aliasing instruction cache
Machine: Freescale i.MX6 Quad/DualLite (Device Tree), model: ALPINE LIMO Board
cma: CMA: reserved 320 MiB at 6a000000
Memory policy: ECC disabled, Data cache writealloc
On node 0 totalpages: 524288
free_area_init_node: node 0, pgdat 80458000, node_mem_map 804bd000
  DMA zone: 3568 pages used for memmap
  DMA zone: 0 pages reserved
  DMA zone: 456704 pages, LIFO batch:31
  HighMem zone: 528 pages used for memmap
  HighMem zone: 67584 pages, LIFO batch:15
PERCPU: Embedded 7 pages/cpu @814d9000 s7680 r8192 d12800 u32768
pcpu-alloc: s7680 r8192 d12800 u32768 alloc=8*4096
pcpu-alloc: [0] 0 [0] 1
Built 1 zonelists in Zone order, mobility grouping on.  Total pages: 520720
Kernel command line: console=ttymxc0,115200 quiet root=/dev/mmcblk0p1 rootwait ro rootfstype=ext4 lpj=8495104
PID hash table entries: 4096 (order: 2, 16384 bytes)
Dentry cache hash table entries: 262144 (order: 8, 1048576 bytes)
Inode-cache hash table entries: 131072 (order: 7, 524288 bytes)
Memory: 2048MB = 2048MB total
Memory: 1745784k/1745784k available, 351368k reserved, 270336K highmem
Virtual kernel memory layout:
    vector  : 0xffff0000 - 0xffff1000   (   4 kB)
    fixmap  : 0xfff00000 - 0xfffe0000   ( 896 kB)
    vmalloc : 0xf0000000 - 0xff000000   ( 240 MB)
    lowmem  : 0x80000000 - 0xef800000   (1784 MB)
    pkmap   : 0x7fe00000 - 0x80000000   (   2 MB)
    modules : 0x7f800000 - 0x7fe00000   (   6 MB)
      .text : 0x80008000 - 0x803ef1bc   (3997 kB)
      .init : 0x803f0000 - 0x80417e00   ( 160 kB)
      .data : 0x80418000 - 0x80459320   ( 261 kB)
       .bss : 0x80459320 - 0x804bc75c   ( 398 kB)
SLUB: HWalign=64, Order=0-3, MinObjects=0, CPUs=2, Nodes=1
Preemptible hierarchical RCU implementation.
        RCU restricting CPUs from NR_CPUS=4 to nr_cpu_ids=2.
NR_IRQS:16 nr_irqs:16 16
L310 cache controller enabled
l2x0: 16 ways, CACHE_ID 0x410000c7, AUX_CTRL 0x32070000, Cache size: 1048576 B
sched_clock: 32 bits at 3000kHz, resolution 333ns, wraps every 1431655ms
CPU identified as i.MX6Q, silicon rev 1.5
Console: colour dummy device 80x30
Calibrating delay loop (skipped) preset value.. 1699.02 BogoMIPS (lpj=8495104)
pid_max: default: 32768 minimum: 301
Mount-cache hash table entries: 512
CPU: Testing write buffer coherency: ok
CPU0: thread -1, cpu 0, socket 0, mpidr 80000000
Setting up static identity map for 0x802efe18 - 0x802efe64
CPU1: Booted secondary processor
CPU1: thread -1, cpu 1, socket 0, mpidr 80000001
Brought up 2 CPUs
SMP: Total of 2 processors activated (3398.04 BogoMIPS).
CPU: All CPU(s) started in SVC mode.
devtmpfs: initialized
pinctrl core: initialized pinctrl subsystem
regulator-dummy: no parameters
NET: Registered protocol family 16
DMA: preallocated 256 KiB pool for atomic coherent allocations
Use WDOG1 as reset source
syscon 20c8000.anatop: regmap [mem 0x020c8000-0x020c8fff] registered
vdd1p1: 800 <--> 1375 mV at 1125 mV
vdd3p0: 3200 mV
vdd2p5: 2000 <--> 2750 mV at 2425 mV
cpu: 725 <--> 1450 mV at 1250 mV
vddpu: 725 <--> 1450 mV
vddsoc: 725 <--> 1450 mV at 1250 mV
syscon 20e0000.iomuxc-gpr: regmap [mem 0x020e0000-0x020e0037] registered
syscon 21bc000.ocotp-ctrl: regmap [mem 0x021bc000-0x021bffff] registered
hw-breakpoint: found 5 (+1 reserved) breakpoint and 1 watchpoint registers.
hw-breakpoint: maximum watchpoint size is 4 bytes.
imx6q-pinctrl 20e0000.iomuxc: initialized IMX pinctrl driver
bio: create slab <bio-0> at 0
mxs-dma 110000.dma-apbh: initialized
SCSI subsystem initialized
libata version 3.00 loaded.
usbcore: registered new interface driver usbfs
usbcore: registered new interface driver hub
usbcore: registered new device driver usb
i2c i2c-0: IMX I2C adapter registered
i2c i2c-1: IMX I2C adapter registered
i2c i2c-2: IMX I2C adapter registered
Linux video capture interface: v2.00
pps_core: LinuxPPS API ver. 1 registered
pps_core: Software ver. 5.3.6 - Copyright 2005-2007 Rodolfo Giometti <giometti@linux.it>
PTP clock support registered
imx-ipuv3 2400000.ipu: IPU DMFC NORMAL mode: 1(0~1), 5B(4,5), 5F(6,7)
imx-ipuv3 2800000.ipu: IPU DMFC NORMAL mode: 1(0~1), 5B(4,5), 5F(6,7)
mxc_mipi_csi2 21dc000.mipi_csi: i.MX MIPI CSI2 driver probed
mxc_mipi_csi2 21dc000.mipi_csi: i.MX MIPI CSI2 dphy version is 0x3130302a
MIPI CSI2 driver module loaded
Advanced Linux Sound Architecture Driver Initialized.
cfg80211: Calling CRDA to update world regulatory domain
Switching to clocksource mxc_timer1
[Serializer]ds90uh927q_probe(2307) In
[Serializer]ds90uh927q_probe(2371) g_model == DS90UH927Q_DISPLAY_INTERNAL_MODEL
[Serializer]ds90uh927q_probe(2388) Out
NET: Registered protocol family 2
TCP established hash table entries: 16384 (order: 5, 131072 bytes)
TCP bind hash table entries: 16384 (order: 5, 131072 bytes)
TCP: Hash tables configured (established 16384 bind 16384)
TCP: reno registered
UDP hash table entries: 1024 (order: 3, 32768 bytes)
UDP-Lite hash table entries: 1024 (order: 3, 32768 bytes)
NET: Registered protocol family 1
RPC: Registered named UNIX socket transport module.
RPC: Registered udp transport module.
RPC: Registered tcp transport module.
RPC: Registered tcp NFSv4.1 backchannel transport module.
hw perfevents: enabled with ARMv7 Cortex-A9 PMU driver, 7 counters available
pureg-dummy: no parameters
imx6_busfreq busfreq.15: DDR medium rate not supported.
Bus freq driver module loaded
bounce pool size: 64 pages
NFS: Registering the id_resolver key type
Key type id_resolver registered
Key type id_legacy registered
msgmni has been set to 3521
io scheduler noop registered
io scheduler deadline registered
io scheduler cfq registered (default)
imx-weim 21b8000.weim: WEIM driver registered.
mxc_sdc_fb fb.17: registered mxc display driver ldb
mxc_sdc_fb fb.18: registered mxc display driver ldb
imx-sdma 20ec000.sdma: no iram assigned, using external mem
imx-sdma 20ec000.sdma: loaded firmware 3.1
imx-sdma 20ec000.sdma: initialized
Serial: IMX driver
2020000.serial: ttymxc0 at MMIO 0x2020000 (irq = 58) is a IMX
console [ttymxc0] enabled
21e8000.serial: ttymxc1 at MMIO 0x21e8000 (irq = 59) is a IMX
21ec000.serial: ttymxc2 at MMIO 0x21ec000 (irq = 60) is a IMX
21f0000.serial: ttymxc3 at MMIO 0x21f0000 (irq = 61) is a IMX
loop: module loaded
sdhci: Secure Digital Host Controller Interface driver
sdhci: Copyright(c) Pierre Ossman
sdhci-pltfm: SDHCI platform and OF driver helper
mmc0: no vqmmc regulator found
mmc0: no vmmc regulator found
mmc0: SDHCI controller on 2194000.usdhc [2194000.usdhc] using ADMA
sdhci-esdhc-imx 2198000.usdhc: could not get ultra high speed state, work on normal mode
mmc1: no vqmmc regulator found
mmc1: no vmmc regulator found
mmc1: SDHCI controller on 2198000.usdhc [2198000.usdhc] using ADMA
8000000.nor: Found 1 x16 devices at 0x0 in 16-bit bank. Manufacturer ID 0x000001 Chip ID 0x002201
Amd/Fujitsu Extended Query Table at 0x0040
  Amd/Fujitsu Extended Query version 1.5.
number of CFI chips: 1
15 ofpart partitions found on MTD device 8000000.nor
Creating 15 MTD partitions on "8000000.nor":
0x000000000000-0x000000080000 : "bootloader"
0x000000080000-0x0000000a0000 : "reserved1"
0x0000000a0000-0x0000000e0000 : "dtb-1"
0x0000000e0000-0x0000006e0000 : "kernel-1"
0x0000006e0000-0x000000720000 : "dtb-2"
0x000000720000-0x000000d20000 : "kernel-2"
0x000000d20000-0x000000d60000 : "dtb-Update"
0x000000d60000-0x000001360000 : "kernel-Update"
0x000001360000-0x000001480000 : "splash1"
0x000001480000-0x0000015a0000 : "splash2"
0x0000015a0000-0x000001ec0000 : "reserved2"
0x000001ec0000-0x000001f20000 : "dab learn memory"
0x000001f20000-0x000001f40000 : "ec-nr params"
0x000001f40000-0x000001fe0000 : "settings"
0x000001fe0000-0x000002000000 : "reserved3"
spi_imx 2010000.ecspi: probed
spi_imx 2018000.ecspi: probed
SLIP: version 0.8.4-NET3.019-NEWTTY (dynamic channels, max=256).
ehci_hcd: USB 2.0 'Enhanced' Host Controller (EHCI) Driver
usbcore: registered new interface driver usb-storage
imx_usb 2184000.usb: Getting regulator error: NODEV
 before usbphy 268830215
 after usbphy 268830211<3>OTG STATUS: OTG_UNDEFINED -> OTG_STATE_A_IDLE
 after usbphy HW_USBPHY_RX = 268830211
cyttsp4_i2c_probe: Starting cyttsp4_i2c probe...
input: cyttsp4_i2c as /devices/soc0/soc.1/2100000.aips-bus/21a8000.i2c/i2c-2/2-0001/input/input0
cyttsp4_i2c 2-0001: cyttsp4_open: queueing start-up work
cyttsp4_i2c 2-0001: cyttsp4_i2c_probe: Registration complete
snvs_rtc 20cc034.snvs-rtc-lp: rtc core: registered 20cc034.snvs-rtc-lp as rtc0
i2c /dev entries driver
_cyttsp4_startup: START
_cyttsp4_startup: <<internal display model>>
cyttsp4_hw_reset: strobe RST(132) pin
ci_hdrc ci_hdrc.0: EHCI Host Controller
ci_hdrc ci_hdrc.0: new USB bus registered, assigned bus number 1
ci_hdrc ci_hdrc.0: USB 2.0 started, EHCI 1.00
hub 1-0:1.0: USB hub found
hub 1-0:1.0: 1 port detected
OTG STATUS: OTG_STATE_A_IDLE -> OTG_STATE_A_WAIT_VRISE
Decoder adv748x_mipi is found
mxc_v4l2_output v4l2_out.21: V4L2 device registered as video16
mxc_v4l2_output v4l2_out.21: V4L2 device registered as video17
mxc_v4l2_output v4l2_out.21: V4L2 device registered as video18
mxc_v4l2_output v4l2_out.21: V4L2 device registered as video19
imx2-wdt 20bc000.wdog: IMX2+ Watchdog Timer enabled. timeout=60s (nowayout=0)
mxc_vdoa 21e4000.vdoa: i.MX Video Data Order Adapter(VDOA) driver probed
mxc_asrc 2034000.asrc: mxc_asrc registered
mxc_vpu 2040000.vpu: VPU initialized
hidraw: raw HID events driver (C) Jiri Kosina
usbcore: registered new interface driver usbhid
usbhid: USB HID core driver
usbcore: registered new interface driver snd-usb-audio
ak7736a limo-aud4.23: limo_aud4 probe
adv7511w limo-aud5.24: limo_aud5 probe
ak7738 limo-aud6.25: limo_aud6 probe
ak7736a limo-aud4.23: limo_aud4 codec probe
limo-ssi1 sound-limo-ssi1.27:  ak7736a <-> 2028000.ssi mapping ok
adv7511w limo-aud5.24: limo_aud5 codec probe
limo-ssi2 sound-limo-ssi2.28:  adv7511w <-> 202c000.ssi mapping ok
ak7738 limo-aud6.25: limo_aud6 codec probe
limo-ssi3 sound-limo-ssi3.29:  ak7738 <-> 2030000.ssi mapping ok
TCP: cubic registered
NET: Registered protocol family 10
sit: IPv6 over IPv4 tunneling driver
NET: Registered protocol family 17
8021q: 802.1Q VLAN Support v1.8
Key type dns_resolver registered
VFP support v0.3: implementor 41 architecture 3 part 30 variant 9 rev 4
snvs_rtc 20cc034.snvs-rtc-lp: setting system clock to 1970-01-01 00:00:00 UTC (0)
ALSA device list:
  #0: CDSP(SAF7741HV)/Echo Canceller(AK7736A) I2S PCM Driver
  #1: HDMI(ADV7511W/ADV7480) I2S PCM Driver
  #2: ECNR（DAC） I2S PCM Driver
Waiting for root device /dev/mmcblk0p1...
OTG STATUS: OTG_STATE_A_WAIT_VRISE -> OTG_STATE_A_WAIT_BCON
mmc0: e=7, m=4, csd->tacc_ns=15000000, csd->tacc_clks=100
mmc0: new high speed DDR MMC card at address 0001
mmcblk0: mmc0:0001 H8G4a2 7.28 GiB
mmcblk0boot0: mmc0:0001 H8G4a2 partition 1 8.00 MiB
mmcblk0boot1: mmc0:0001 H8G4a2 partition 2 8.00 MiB
mmcblk0rpmb: mmc0:0001 H8G4a2 partition 3 4.00 MiB
 mmcblk0: p1 p2 p3 p4 < p5 p6 p7 >
 mmcblk0boot1: unknown partition table
 mmcblk0boot0: unknown partition table
apn-gpio: interrupted BACK Off!
apn-gpio: detected change signal! send to DisplayManager!!
EXT4-fs (mmcblk0p1): mounted filesystem with ordered data mode. Opts: (null)
VFS: Mounted root (ext4 filesystem) readonly on device 179:1.
devtmpfs: mounted
Freeing unused kernel memory: 156K (803f0000 - 80417000)
EXT4-fs (mmcblk0p3): mounted filesystem with ordered data mode. Opts: (null)
apn-gpio: show adet=1
apn-gpio: show back=1
apn-gpio: show pre-acc=1
EXT4-fs: Warning: mounting with data=journal disables delayed allocation and O_DIRECT support!
EXT4-fs (mmcblk0p7): recovery complete
EXT4-fs (mmcblk0p7): mounted filesystem with journalled data mode. Opts: commit=1,data=journal
EXT4-fs (mmcblk0p2): warning: mounting fs with errors, running e2fsck is recommended
EXT4-fs (mmcblk0p2): recovery complete
EXT4-fs (mmcblk0p2): mounted filesystem with journalled data mode. Opts: commit=1,data=journal
udevd[151]: starting version 182
caam 2100000.caam: device ID = 0x0a16010000000000 (Era -524)
caam 2100000.caam: job rings = 2, qi = 0
Galcore version 4.6.9.9754
apn-gpio: show adet=1
EXT4-fs (mmcblk0p5): mounted filesystem with ordered data mode. Opts: (null)
caam 2100000.caam: authenc-hmac-md5-cbc-aes-caam
caam 2100000.caam: authencesn-hmac-md5-cbc-aes-caam
caam 2100000.caam: authenc-hmac-sha1-cbc-aes-caam
caam 2100000.caam: authencesn-hmac-sha1-cbc-aes-caam
caam 2100000.caam: authenc-hmac-sha224-cbc-aes-caam
caam 2100000.caam: authencesn-hmac-sha224-cbc-aes-caam
platform 2101000.jr0: registering rng-caam
caam 2100000.caam: authenc-hmac-sha256-cbc-aes-caam
caam 2100000.caam: authencesn-hmac-sha256-cbc-aes-caam
caam 2100000.caam: authenc-hmac-md5-cbc-des3_ede-caam
caam 2100000.caam: authencesn-hmac-md5-cbc-des3_ede-caam
caam 2100000.caam: authenc-hmac-sha1-cbc-des3_ede-caam
caam 2100000.caam: authencesn-hmac-sha1-cbc-des3_ede-caam
caam 2100000.caam: authenc-hmac-sha224-cbc-des3_ede-caam
caam 2100000.caam: authencesn-hmac-sha224-cbc-des3_ede-caam
caam 2100000.caam: authenc-hmac-sha256-cbc-des3_ede-caam
caam 2100000.caam: authencesn-hmac-sha256-cbc-des3_ede-caam
caam 2100000.caam: authenc-hmac-md5-cbc-des-caam
caam 2100000.caam: authencesn-hmac-md5-cbc-des-caam
caam 2100000.caam: authenc-hmac-sha1-cbc-des-caam
caam 2100000.caam: authencesn-hmac-sha1-cbc-des-caam
caam 2100000.caam: authenc-hmac-sha224-cbc-des-caam
caam 2100000.caam: authencesn-hmac-sha224-cbc-des-caam
caam 2100000.caam: authenc-hmac-sha256-cbc-des-caam
caam 2100000.caam: authencesn-hmac-sha256-cbc-des-caam
caam 2100000.caam: ecb-des-caam
caam 2100000.caam: ecb-arc4-caam
caam 2100000.caam: ecb-aes-caam
caam 2100000.caam: ctr-aes-caam
caam 2100000.caam: cbc-aes-caam
[drm] Initialized drm 1.1.0 20060810
[drm] Initialized vivante 1.0.0 20120216 on minor 0
caam 2100000.caam: ecb-des3-caam
caam 2100000.caam: cbc-3des-caam
caam 2100000.caam: cbc-des-caam
caam 2100000.caam: fsl,sec-v4.0 algorithms registered in /proc/crypto
g_alpine gadget: char pointer check. dev_addr:00:0a:08:ca:9f:bf
g_alpine gadget: char pointer check. host_addr:00:0a:08:ca:9f:be
usb0: MAC 00:0a:08:ca:9f:bf
usb0: HOST MAC 00:0a:08:ca:9f:be
g_alpine gadget: CarPlayBox
g_alpine gadget: g_alpine ready
IPv6: ADDRCONF(NETDEV_UP): usb0: link is not ready
EXT4-fs (mmcblk0p1): re-mounted. Opts: data=ordered

---------------------->ecnr_i2c_write value[00] ret[0]-------->
------------>[ECNR]ecnr_initthread_wait_clockstable : send ecnr_absdev_pram_write,sizeof=30720
ci_hdrc ci_hdrc.0: Device No Response
OTG STATUS: OTG_STATE_A_WAIT_BCON -> OTG_STATE_A_WAIT_VFALL
--------->[ECNR]ecnr_initthread_wait_clockstable : send ecnr_absdev_pram1_write,return=0
------------>[ECNR]ecnr_initthread_wait_clockstable : send ecnr_absdev_cram_write,sizeof=12288
OTG STATUS: OTG_STATE_A_WAIT_VFALL -> OTG_STATE_A_IDLE
apn-gpio: store stby=1
--------->[ECNR]ecnr_initthread_wait_clockstable : send ecnr_absdev_cram1_write,return=0
--------->[ECNR]ecnr_initthread_wait_clockstable : send ecnr_absdev_pram3_write,return=0
--------->[ECNR]ecnr_initthread_wait_clockstable : send ecnr_absdev_cram3_write,return=0

---------------->ECNR ECNR_DRV_SYSFS_STATUS_INITIALIZED, start ---------->

---------------->ECNR ECNR_DRV_SYSFS_STATUS_INITIALIZED, end ret = 0  ------->
uart_write(line:1) tx is busy, wait 2

------------->[ECNR]str_freq = 16 mode = 7 ------------------>

------------->[ECNR]str_freq = end ret = 0 ----------------->
uart_write(line:1) tx is busy, wait 2
uart_write(line:1) tx is busy, wait 2
uart_write(line:1) tx is busy, wait 2
uart_write(line:1) tx is busy, wait 2
uart_write(line:1) tx is busy, wait 2
uart_write(line:1) tx is busy, wait 2
uart_write(line:1) tx is busy, wait 2
uart_write(line:1) tx is busy, wait 2
uart_write(line:1) tx is busy, wait 2
IPv6: ADDRCONF(NETDEV_UP): usb0: link is not ready
</pre>
